// Jest Snapshot v1, https://goo.gl/fbAQLP

exports[`shebang: keep_shebang.lua 1`] = `
"#!/usr/bin/env lua

print(\\"Hello, World\\")
"
`;
